# typed: false
# frozen_string_literal: true

# This file was generated by GoReleaser. DO NOT EDIT.
class FooArchRequirement < Requirement
   fatal true
   satisfy(build_env: false) { self.class.supported_arch? }
   def message
     "Your platform #{self.class.plat} is not supported by this tap. Supported arches: #{self.class.supported_arches.join ', '}."
   end
   def self.supported_arch?
     self.supported_arches.include? self.plat
   end
   def self.supported_arches
     return [] if OS.linux?
     return [:aarch64, :x86_64] if OS.mac?
     []
   end
   def self.plat
     case RUBY_PLATFORM
     when /x86_64/ then :x86_64
     when /arm/ then :arm
     when /aarch64/ then :aarch64
     else :dunno
     end
   end
 end

class Foo < Formula
  desc ""
  homepage ""
  version "1.2.1"
  depends_on :macos
  depends_on FooArchRequirement

  on_macos do
    url "https://dummyhost/download/v1.2.1/foo_macos"
    sha256 "e3b0c44298fc1c149afbf4c8996fb92427ae41e4649b934ca495991b7852b855"

    def install
      bin.install "foo_macos" => "foo"
    end
  end
end
